node started create prod-workers-2
node done create prod-workers-2
node started create prod-workers-3
node done create prod-workers-3
nomad started register prod-workers-2
nomad done register prod-workers-2
node started scrub prod-workers-2
node done scrub prod-workers-2
nomad started ineligible prod-workers-0
nomad done ineligible prod-workers-0
nomad started drain prod-workers-0
nomad done drain prod-workers-0
node started delete prod-workers-0
node done delete prod-workers-0
nomad started register prod-workers-3
nomad done register prod-workers-3
node started scrub prod-workers-3
node done scrub prod-workers-3
nomad started ineligible prod-workers-1
nomad done ineligible prod-workers-1
nomad started drain prod-workers-1
nomad done drain prod-workers-1
node started delete prod-workers-1
node done delete prod-workers-1
nomad started down prod-workers-0
nomad done down prod-workers-0
nomad started purge prod-workers-0
nomad done purge prod-workers-0
nomad started down prod-workers-1
nomad done down prod-workers-1
nomad started purge prod-workers-1
nomad done purge prod-workers-1
