+ vultr.SSHKey/prod-8ba890ed
+ vultr.VPC/prod
    + cidr: 10.64.0.0/16
    + region: ams
+ vultr.FirewallGroup/prod-servers
    + rule: v4 icmp 0.0.0.0/0
    + rule: v4 tcp 0.0.0.0/0 4646
    + rule: v4 tcp 203.0.113.7/32 22
    + rule: v6 icmp ::/0
+ vultr.FirewallGroup/prod-clients
    + rule: v4 icmp 0.0.0.0/0
    + rule: v4 tcp 203.0.113.7/32 22
    + rule: v6 icmp ::/0
+ node prod-servers-0 (server, vc2-2c-4gb, ams)
+ node prod-servers-1 (server, vc2-2c-4gb, ams)
+ node prod-servers-2 (server, vc2-2c-4gb, ams)
+ node prod-workers-0 (client, vc2-2c-4gb, ams)
+ node prod-workers-1 (client, vc2-2c-4gb, ams)

Plan: 4 to create, 0 to update, 0 to replace, 0 to delete.
Nodes: 5 to create, 0 to wait for, 0 to delete.
State: pki/private/ca.key, pki/ca-bundle.pem, secrets/gossip.key, secrets/acl-bootstrap-token and cluster.completed.yaml will be written.
