+ vultr.VPC/prod
+ vultr.FirewallGroup/prod-clients
~ vultr.FirewallGroup/prod-servers
    + rules: tcp/4646 from 203.0.113.7/32
- vultr.SSHKey/prod-99aabbcc (ID ssh-9)
~ node prod-servers-1 (ID instance-2, wait until it is ready)
+ node prod-servers-2 (server, vc2-2c-4gb, ams)
+ node prod-workers-1 (client, vc2-4c-8gb, ams)
- node prod-old-0 (ID instance-7, not in the spec)
- node prod-workers-0 (ID instance-5, duplicate)
- node prod-workers-3 (ID instance-8, surplus)

Plan: 2 to create, 1 to update, 0 to replace, 1 to delete.
Nodes: 2 to create, 1 to wait for, 3 to delete.
State: pki/private/ca.key, pki/ca-bundle.pem, secrets/gossip.key, secrets/acl-bootstrap-token and cluster.completed.yaml will be written.
