{
  "version": "v0.3.0",
  "specHash": "9c7cfc92b64625d6",
  "started": "2026-09-29T12:00:01Z",
  "finished": "2026-09-29T12:00:02Z",
  "instance": {
    "id": "9d1c6f3e-2b7a-4e58-8c0d-5a4f1e7b3c92",
    "zone": "ams",
    "privateIP": "10.64.0.7"
  },
  "phases": [
    {
      "name": "preflight",
      "status": "unchanged"
    },
    {
      "name": "system",
      "status": "done"
    },
    {
      "name": "hostfirewall",
      "status": "done"
    },
    {
      "name": "runtime",
      "status": "done"
    },
    {
      "name": "cni",
      "status": "done"
    },
    {
      "name": "join",
      "status": "done"
    },
    {
      "name": "nomad",
      "status": "done"
    },
    {
      "name": "verify",
      "status": "unchanged"
    }
  ]
}
